// Jest Snapshot v1, https://goo.gl/fbAQLP

exports[`App should match snapshot 1`] = `
<SpokeTable
  spokeCount={16}
  spokeId="round-1.8"
  toolId="x-tools"
/>
`;
